------------------------------------------------------------
TimeQuest Timing Analyzer Summary
------------------------------------------------------------

Type  : Slow 1200mV 85C Model Setup 'clk'
Slack : -12.804
TNS   : -76322.017

Type  : Slow 1200mV 85C Model Setup 'mammal:cpu|interruptreg[2]'
Slack : -8.726
TNS   : -2097.704

Type  : Slow 1200mV 85C Model Setup 'vga_sync:vga|pixel_tick'
Slack : -1.351
TNS   : -20.856

Type  : Slow 1200mV 85C Model Setup 'vga_sync:vga|v_count[0]'
Slack : 0.511
TNS   : 0.000

Type  : Slow 1200mV 85C Model Hold 'mammal:cpu|interruptreg[2]'
Slack : -0.169
TNS   : -0.223

Type  : Slow 1200mV 85C Model Hold 'vga_sync:vga|pixel_tick'
Slack : -0.097
TNS   : -0.097

Type  : Slow 1200mV 85C Model Hold 'vga_sync:vga|v_count[0]'
Slack : -0.091
TNS   : -0.091

Type  : Slow 1200mV 85C Model Hold 'clk'
Slack : -0.003
TNS   : -0.003

Type  : Slow 1200mV 85C Model Recovery 'vga_sync:vga|v_count[0]'
Slack : -4.500
TNS   : -4.500

Type  : Slow 1200mV 85C Model Removal 'vga_sync:vga|v_count[0]'
Slack : -1.485
TNS   : -1.485

Type  : Slow 1200mV 85C Model Minimum Pulse Width 'clk'
Slack : -3.000
TNS   : -8412.000

Type  : Slow 1200mV 85C Model Minimum Pulse Width 'vga_sync:vga|pixel_tick'
Slack : -1.000
TNS   : -20.000

Type  : Slow 1200mV 85C Model Minimum Pulse Width 'vga_sync:vga|v_count[0]'
Slack : -1.000
TNS   : -1.000

Type  : Slow 1200mV 85C Model Minimum Pulse Width 'mammal:cpu|interruptreg[2]'
Slack : -0.255
TNS   : -18.424

Type  : Slow 1200mV 0C Model Setup 'clk'
Slack : -11.332
TNS   : -68298.634

Type  : Slow 1200mV 0C Model Setup 'mammal:cpu|interruptreg[2]'
Slack : -7.774
TNS   : -1864.475

Type  : Slow 1200mV 0C Model Setup 'vga_sync:vga|pixel_tick'
Slack : -1.110
TNS   : -16.548

Type  : Slow 1200mV 0C Model Setup 'vga_sync:vga|v_count[0]'
Slack : 0.550
TNS   : 0.000

Type  : Slow 1200mV 0C Model Hold 'vga_sync:vga|pixel_tick'
Slack : -0.111
TNS   : -0.148

Type  : Slow 1200mV 0C Model Hold 'vga_sync:vga|v_count[0]'
Slack : -0.062
TNS   : -0.062

Type  : Slow 1200mV 0C Model Hold 'mammal:cpu|interruptreg[2]'
Slack : -0.026
TNS   : -0.026

Type  : Slow 1200mV 0C Model Hold 'clk'
Slack : -0.008
TNS   : -0.008

Type  : Slow 1200mV 0C Model Recovery 'vga_sync:vga|v_count[0]'
Slack : -3.975
TNS   : -3.975

Type  : Slow 1200mV 0C Model Removal 'vga_sync:vga|v_count[0]'
Slack : -1.376
TNS   : -1.376

Type  : Slow 1200mV 0C Model Minimum Pulse Width 'clk'
Slack : -3.000
TNS   : -8412.000

Type  : Slow 1200mV 0C Model Minimum Pulse Width 'vga_sync:vga|pixel_tick'
Slack : -1.000
TNS   : -20.000

Type  : Slow 1200mV 0C Model Minimum Pulse Width 'vga_sync:vga|v_count[0]'
Slack : -1.000
TNS   : -1.000

Type  : Slow 1200mV 0C Model Minimum Pulse Width 'mammal:cpu|interruptreg[2]'
Slack : -0.163
TNS   : -10.877

Type  : Fast 1200mV 0C Model Setup 'clk'
Slack : -7.159
TNS   : -41447.428

Type  : Fast 1200mV 0C Model Setup 'mammal:cpu|interruptreg[2]'
Slack : -4.746
TNS   : -1066.667

Type  : Fast 1200mV 0C Model Setup 'vga_sync:vga|pixel_tick'
Slack : -0.308
TNS   : -3.633

Type  : Fast 1200mV 0C Model Setup 'vga_sync:vga|v_count[0]'
Slack : 0.513
TNS   : 0.000

Type  : Fast 1200mV 0C Model Hold 'mammal:cpu|interruptreg[2]'
Slack : -0.280
TNS   : -2.215

Type  : Fast 1200mV 0C Model Hold 'vga_sync:vga|pixel_tick'
Slack : -0.048
TNS   : -0.048

Type  : Fast 1200mV 0C Model Hold 'clk'
Slack : 0.003
TNS   : 0.000

Type  : Fast 1200mV 0C Model Hold 'vga_sync:vga|v_count[0]'
Slack : 0.118
TNS   : 0.000

Type  : Fast 1200mV 0C Model Recovery 'vga_sync:vga|v_count[0]'
Slack : -2.374
TNS   : -2.374

Type  : Fast 1200mV 0C Model Removal 'vga_sync:vga|v_count[0]'
Slack : -0.875
TNS   : -0.875

Type  : Fast 1200mV 0C Model Minimum Pulse Width 'clk'
Slack : -3.000
TNS   : -8899.907

Type  : Fast 1200mV 0C Model Minimum Pulse Width 'vga_sync:vga|pixel_tick'
Slack : -1.000
TNS   : -20.000

Type  : Fast 1200mV 0C Model Minimum Pulse Width 'vga_sync:vga|v_count[0]'
Slack : -1.000
TNS   : -1.000

Type  : Fast 1200mV 0C Model Minimum Pulse Width 'mammal:cpu|interruptreg[2]'
Slack : -0.004
TNS   : -0.021

------------------------------------------------------------
